intent: fetch_tweets
handles: ['qinbafrank', 'TJ_Research']
